ROM0 bank #0:
  SECTION: $0000 (0 bytes) ["LevelmanData"]
  SECTION: $0000 (0 bytes) ["InputsysData"]
  SECTION: $0000 (0 bytes) ["PhysicssysData"]
  SECTION: $0000 (0 bytes) ["EventmanData"]
  SECTION: $0000 (0 bytes) ["CamerasysData"]
  SECTION: $0000 (0 bytes) ["CollisionsysData"]
  SECTION: $0000-$0017 ($0018 bytes) ["GloablRoutines"]
           $0000 = LDIR
           $0009 = READ_PTR
           $000d = READ_PTR_B
           $0011 = WAIT_VBLANK
  SECTION: $0018-$0020 ($0009 bytes) ["AnimationmanData"]
           $0018 = PLAYER_SPRITES
           $0018 = PLAYER_SPRITES.STATIC
           $0019 = PLAYER_SPRITES.DEAD
           $001a = PLAYER_SPRITES.JUMP
           $001b = PLAYER_SPRITES.DASH_L
           $001c = PLAYER_SPRITES.DASH_R
           $001d = PLAYER_SPRITES.WALL_L
           $001e = PLAYER_SPRITES.WALL_R
           $001f = PLAYER_SPRITES.RBND_ONE
           $0020 = PLAYER_SPRITES.RBND_TWO
  SECTION: $0040-$0040 ($0001 byte) ["VBLANKInterrupt"]
  SECTION: $0048-$0048 ($0001 byte) ["STATInterrupt"]
  SECTION: $0049-$00f8 ($00b0 bytes) ["EntitymanFun"]
           $0049 = ENTITYMAN_INIT
           $0063 = ENTITYMAN_CREATE
           $009f = ENTITYMAN_GET_NUMENTITIES
           $00a3 = ENTITYMAN_GET_SOAM
           $00a7 = ENTITYMAN_GET_PHY_VEL
           $00ab = ENTITYMAN_GET_PHY_POS
           $00af = ENTITYMAN_GET_PHY_TYP
           $00b3 = ENTITYMAN_GET_PHY_STA
           $00b7 = ENTITYMAN_TERMINATE
           $00bb = INIT_SOAM
           $00c2 = INIT_SOAM.INIT_LOOP
           $00c7 = NUM_ENTITIES_INC
           $00cc = CLEAN_ENTITYARRAY
           $00d7 = CLEAN_ENTITYARRAY.MAIN_LOOP_u3
           $00d9 = CLEAN_ENTITYARRAY.ENTITY_COMP_LOOP_u3
           $00e2 = CLEAN_ENTITYARRAY.END_CLEAN_u3
           $00ed = CLEAN_ENTITYARRAY.MAIN_LOOP_u4
           $00ef = CLEAN_ENTITYARRAY.ENTITY_COMP_LOOP_u4
           $00f8 = CLEAN_ENTITYARRAY.END_CLEAN_u4
  SECTION: $0100-$014f ($0050 bytes) ["Cabecera"]
  SECTION: $0150-$0172 ($0023 bytes) ["Start"]
           $0150 = MAIN
           $0154 = MAIN.INIT
           $0163 = MAIN.GAMELOOP
  SECTION: $0173-$1c20 ($1aae bytes) ["GamemanData"]
           $0173 = MAP1
           $0573 = MAP1.META1
           $0576 = MAP1.PLAYER_u2
           $0592 = MAP1.SAW_u5
           $05ae = MAP1.SAW_u8
           $05ca = MAP1.BEE_u11
           $05e6 = MAP1.BEE_u14
           $0602 = MAP1.SPEAR_u17
           $061e = MAP2
           $0a1e = MAP2.META1
           $0a21 = MAP2.PLAYER_u20
           $0a3d = MAP2.SAW_u23
           $0a59 = MAP2.SAW_u26
           $0a75 = MAP2.SAW_u29
           $0a91 = MAP2.SAW_u32
           $0aad = MAP2.SAW_u35
           $0ac9 = MAP2.SAW_u38
           $0ae5 = MAP2.SAW_u41
           $0b01 = MAP2.BEE_u44
           $0b1d = MAP2.BEE_u47
           $0b39 = MAP3
           $0f39 = MAP3.META1
           $0f3c = MAP3.PLAYER_u50
           $0f58 = MAP3.META2
           $0f5b = MAP3.PLAYER_u53
           $0f77 = MAP3.BEE_u56
           $0f93 = MAP4
           $1393 = MAP4.META1
           $1396 = MAP4.PLAYER_u59
           $13b2 = MAP4.SAW_u62
           $13ce = MAP5
           $17ce = MAP5.META1
           $17d1 = MAP5.PLAYER_u65
           $17ed = MAP5.SPEAR_u68
           $1809 = MAP_PTR_ARRAY
           $1815 = META_PTR_ARRAY
           $1821 = WIN1
  SECTION: $1c21-$29d0 ($0db0 bytes) ["RendersysData"]
           $1c21 = TILES.NC
           $1c21 = TILES
           $2271 = TILES.LM
           $2271 = TILES.NC_END
           $22b1 = TILES.C
           $22b1 = TILES.LM_END
           $24d1 = TILES.W
           $24d1 = TILES.C_END
           $29d1 = TILES.W_END
  SECTION: $29d1-$3299 ($08c9 bytes) ["CollisionsysFun"]
           $29d1 = COLLISIONSYS_INIT
           $29d2 = COLLISIONSYS_UPDATE
           $29df = COLLISIONSYS_UPDATE.Y_PLY
           $29f0 = COLLISIONSYS_UPDATE.CHECK_Y_PLY
           $29f5 = COLLISIONSYS_UPDATE.UP_L_PLY
           $2a21 = COLLISIONSYS_UPDATE.COLLISION_u7
           $2a45 = COLLISIONSYS_UPDATE.NO_COLLISION_u7
           $2a49 = COLLISIONSYS_UPDATE.MORTAL_COLL_u7
           $2a76 = COLLISIONSYS_UPDATE.NO_MORTAL_COLL_u7
           $2a7a = COLLISIONSYS_UPDATE.END_COLL_u7
           $2aa3 = COLLISIONSYS_UPDATE.NO_END_COLL_u7
           $2aaa = COLLISIONSYS_UPDATE.UP_R_PLY
           $2ad6 = COLLISIONSYS_UPDATE.COLLISION_u23
           $2afa = COLLISIONSYS_UPDATE.NO_COLLISION_u23
           $2afe = COLLISIONSYS_UPDATE.MORTAL_COLL_u23
           $2b2b = COLLISIONSYS_UPDATE.NO_MORTAL_COLL_u23
           $2b2f = COLLISIONSYS_UPDATE.END_COLL_u23
           $2b58 = COLLISIONSYS_UPDATE.NO_END_COLL_u23
           $2b5f = COLLISIONSYS_UPDATE.DOWN_L_PLY
           $2b8b = COLLISIONSYS_UPDATE.COLLISION_u38
           $2baf = COLLISIONSYS_UPDATE.NO_COLLISION_u38
           $2bb3 = COLLISIONSYS_UPDATE.MORTAL_COLL_u38
           $2be0 = COLLISIONSYS_UPDATE.NO_MORTAL_COLL_u38
           $2be4 = COLLISIONSYS_UPDATE.END_COLL_u38
           $2c0d = COLLISIONSYS_UPDATE.NO_END_COLL_u38
           $2c14 = COLLISIONSYS_UPDATE.DOWN_R_PLY
           $2c40 = COLLISIONSYS_UPDATE.COLLISION_u54
           $2c64 = COLLISIONSYS_UPDATE.NO_COLLISION_u54
           $2c68 = COLLISIONSYS_UPDATE.MORTAL_COLL_u54
           $2c95 = COLLISIONSYS_UPDATE.NO_MORTAL_COLL_u54
           $2c99 = COLLISIONSYS_UPDATE.END_COLL_u54
           $2cc2 = COLLISIONSYS_UPDATE.NO_END_COLL_u54
           $2cc9 = COLLISIONSYS_UPDATE.X_PLY
           $2cda = COLLISIONSYS_UPDATE.CHECK_X_PLY
           $2cdf = COLLISIONSYS_UPDATE.LEFT_U_PLY
           $2d0b = COLLISIONSYS_UPDATE.COLLISION_u71
           $2d2f = COLLISIONSYS_UPDATE.NO_COLLISION_u71
           $2d33 = COLLISIONSYS_UPDATE.MORTAL_COLL_u71
           $2d60 = COLLISIONSYS_UPDATE.NO_MORTAL_COLL_u71
           $2d64 = COLLISIONSYS_UPDATE.END_COLL_u71
           $2d8d = COLLISIONSYS_UPDATE.NO_END_COLL_u71
           $2d94 = COLLISIONSYS_UPDATE.LEFT_D_PLY
           $2dc0 = COLLISIONSYS_UPDATE.COLLISION_u87
           $2de4 = COLLISIONSYS_UPDATE.NO_COLLISION_u87
           $2de8 = COLLISIONSYS_UPDATE.MORTAL_COLL_u87
           $2e15 = COLLISIONSYS_UPDATE.NO_MORTAL_COLL_u87
           $2e19 = COLLISIONSYS_UPDATE.END_COLL_u87
           $2e42 = COLLISIONSYS_UPDATE.NO_END_COLL_u87
           $2e49 = COLLISIONSYS_UPDATE.RIGHT_U_PLY
           $2e75 = COLLISIONSYS_UPDATE.COLLISION_u102
           $2e99 = COLLISIONSYS_UPDATE.NO_COLLISION_u102
           $2e9d = COLLISIONSYS_UPDATE.MORTAL_COLL_u102
           $2eca = COLLISIONSYS_UPDATE.NO_MORTAL_COLL_u102
           $2ece = COLLISIONSYS_UPDATE.END_COLL_u102
           $2ef7 = COLLISIONSYS_UPDATE.NO_END_COLL_u102
           $2efe = COLLISIONSYS_UPDATE.RIGHT_D_PLY
           $2f2a = COLLISIONSYS_UPDATE.COLLISION_u118
           $2f4e = COLLISIONSYS_UPDATE.NO_COLLISION_u118
           $2f52 = COLLISIONSYS_UPDATE.MORTAL_COLL_u118
           $2f7f = COLLISIONSYS_UPDATE.NO_MORTAL_COLL_u118
           $2f83 = COLLISIONSYS_UPDATE.END_COLL_u118
           $2fac = COLLISIONSYS_UPDATE.NO_END_COLL_u118
           $2fb3 = COLLISIONSYS_UPDATE.END_ITERATION_PLY
           $2fb9 = COLLISIONSYS_UPDATE.UPDATE_LOOP
           $2fc5 = COLLISIONSYS_UPDATE.Y
           $2fd6 = COLLISIONSYS_UPDATE.CHECK_Y
           $2fdb = COLLISIONSYS_UPDATE.UP_L
           $3007 = COLLISIONSYS_UPDATE.COLLISION_u138
           $3018 = COLLISIONSYS_UPDATE.NO_COLLISION_u138
           $301f = COLLISIONSYS_UPDATE.UP_R
           $304b = COLLISIONSYS_UPDATE.COLLISION_u146
           $305c = COLLISIONSYS_UPDATE.NO_COLLISION_u146
           $3063 = COLLISIONSYS_UPDATE.DOWN_L
           $308f = COLLISIONSYS_UPDATE.COLLISION_u153
           $30a0 = COLLISIONSYS_UPDATE.NO_COLLISION_u153
           $30a7 = COLLISIONSYS_UPDATE.DOWN_R
           $30d3 = COLLISIONSYS_UPDATE.COLLISION_u161
           $30e4 = COLLISIONSYS_UPDATE.NO_COLLISION_u161
           $30eb = COLLISIONSYS_UPDATE.X
           $30fc = COLLISIONSYS_UPDATE.CHECK_X
           $3101 = COLLISIONSYS_UPDATE.LEFT_U
           $312d = COLLISIONSYS_UPDATE.COLLISION_u170
           $313e = COLLISIONSYS_UPDATE.NO_COLLISION_u170
           $3145 = COLLISIONSYS_UPDATE.LEFT_D
           $3171 = COLLISIONSYS_UPDATE.COLLISION_u178
           $3182 = COLLISIONSYS_UPDATE.NO_COLLISION_u178
           $3189 = COLLISIONSYS_UPDATE.RIGHT_U
           $31b5 = COLLISIONSYS_UPDATE.COLLISION_u185
           $31c6 = COLLISIONSYS_UPDATE.NO_COLLISION_u185
           $31cd = COLLISIONSYS_UPDATE.RIGHT_D
           $31f9 = COLLISIONSYS_UPDATE.COLLISION_u193
           $320a = COLLISIONSYS_UPDATE.NO_COLLISION_u193
           $3211 = COLLISIONSYS_UPDATE.END_ITERATION
           $321a = COLLISIONSYS_UPDATE_EXE
           $3221 = COLLISIONSYS_UPDATE_EXE.UPDATE_LOOP
           $3222 = COLLISIONSYS_UPDATE_EXE.Y
           $3233 = COLLISIONSYS_UPDATE_EXE.NO_COLLISION_Y
           $3235 = COLLISIONSYS_UPDATE_EXE.COLLISION_Y
           $3235 = COLLISIONSYS_UPDATE_EXE.X
           $3248 = COLLISIONSYS_UPDATE_EXE.NO_COLLISION_X
           $3252 = COLLISIONSYS_UPDATE_EXE.COLLISION_X
           $3263 = COLLISIONSYS_UPDATE_EXE.END_ITERATION
           $326d = COLLISIONSYS_LOAD_COLLMAP
           $3277 = CONVERT_Y
           $3289 = CONVERT_X
           $3293 = CONVERT_REVERSE
  SECTION: $329a-$34c3 ($022a bytes) ["StatemanFun"]
           $329a = STATEMAN_INIT
           $32a5 = STATEMAN_UPDATE
           $32a6 = STATEMAN_UPDATE.UPDATE_LOOP
           $32c2 = STATEMAN_UPDATE.END_STATE
           $32c9 = STATEMAN_UPDATE.END_STATE_PLY
           $32ce = STATEMAN_UPDATE.END_STATE_REST
           $32d3 = STATEMAN_UPDATE.CONTINUE
           $32d6 = STATEMAN_UPDATE.CONTINUE_SKIP
           $32d9 = STATEMAN_UPDATE.X
           $32ef = STATEMAN_UPDATE.Y
           $330d = STATEMAN_UPDATE.END_ITERATION
           $3314 = STATEMAN_UPDATE.UPDATE_CD
           $3318 = STATE_REQUEST
           $3321 = STATE_REQUEST.PLAYER
           $333e = STATE_REQUEST.PLAYER_DASH
           $3353 = STATE_REQUEST.PLAYER_RBND
           $3369 = STATE_REQUEST.KILL_PLAYER
           $3379 = STATE_REQUEST.AI
           $337e = RBND_REQUEST
           $33b7 = PLAYER_END_STATE
           $33cb = PLAYER_END_STATE.PLUS_TEN
           $33d6 = PLAYER_END_STATE.RESTART_PLY
           $33ee = PLAYER_END_STATE.OTHER
           $33f2 = BEE_END_STATE
           $33f3 = REST_END_STATE
           $3401 = GET_MOV_TABLES
           $3427 = GET_MOV_TABLES_END
           $3453 = GET_MOV_TABLES_STR
           $347e = UPDATE_CD
           $347e = UPDATE_CD.DASH
           $3489 = UPDATE_CD.RBND
           $3494 = UPDATE_CD.RBND_FRAME
           $34c3 = UPDATE_CD.END
  SECTION: $34c4-$35fa ($0137 bytes) ["CamerasysFun"]
           $34c4 = CAMERASYS_INIT
           $34c5 = CAMERASYS_UPDATE
           $34c7 = CAMERASYS_UPDATE.UPDATE_LOOP
           $3518 = CAMERASYS_UPDATE_CAMERA
           $3518 = CAMERASYS_UPDATE_CAMERA.Y
           $3526 = CAMERASYS_UPDATE_CAMERA.UP
           $353a = CAMERASYS_UPDATE_CAMERA.UP_LIMIT
           $3542 = CAMERASYS_UPDATE_CAMERA.DOWN
           $3556 = CAMERASYS_UPDATE_CAMERA.DOWN_LIMIT
           $355f = CAMERASYS_UPDATE_CAMERA.Y_INFERIOR
           $3572 = CAMERASYS_UPDATE_CAMERA.END_Y_INFERIOR
           $3578 = CAMERASYS_UPDATE_CAMERA.Y_SUPERIOR
           $358b = CAMERASYS_UPDATE_CAMERA.END_Y_SUPERIOR
           $3591 = CAMERASYS_UPDATE_CAMERA.X
           $35a1 = CAMERASYS_UPDATE_CAMERA.LEFT
           $35b5 = CAMERASYS_UPDATE_CAMERA.LEFT_LIMIT
           $35b9 = CAMERASYS_UPDATE_CAMERA.RIGHT
           $35cd = CAMERASYS_UPDATE_CAMERA.RIGHT_LIMIT
           $35d2 = CAMERASYS_UPDATE_CAMERA.X_INFERIOR
           $35e5 = CAMERASYS_UPDATE_CAMERA.END_X_INFERIOR
           $35e7 = CAMERASYS_UPDATE_CAMERA.X_SUPERIOR
           $35fa = CAMERASYS_UPDATE_CAMERA.END
  SECTION: $35fb-$371c ($0122 bytes) ["StatemanData"]
           $35fb = DEAD_TABLE
           $35fb = DEAD_TABLE.START
           $3655 = STATIC_TABLE
           $3655 = STATIC_TABLE.START
           $3655 = DEAD_TABLE.END
           $3673 = GRAV_TABLE
           $3673 = GRAV_TABLE.START
           $3673 = STATIC_TABLE.END
           $3677 = JUMP_TABLE
           $3677 = JUMP_TABLE.START
           $3677 = GRAV_TABLE.END
           $3695 = DASH_R_TABLE
           $3695 = DASH_R_TABLE.START
           $3695 = JUMP_TABLE.END
           $369d = DASH_L_TABLE
           $369d = DASH_R_TABLE.END
           $369d = DASH_L_TABLE.START
           $36a5 = WALL_R_TABLE
           $36a5 = DASH_L_TABLE.END
           $36a5 = WALL_R_TABLE.START
           $36c3 = WALL_L_TABLE
           $36c3 = WALL_R_TABLE.END
           $36c3 = WALL_L_TABLE.START
           $36e1 = STATE_PTRS
           $36e1 = WALL_L_TABLE.END
           $36e9 = PLAYER_STATES
           $36e9 = PLAYER_STATES.STATIC
           $36ee = PLAYER_STATES.DEAD
           $36f3 = PLAYER_STATES.JUMP
           $36f8 = PLAYER_STATES.D_JUMP
           $36fd = PLAYER_STATES.DASH_L
           $3702 = PLAYER_STATES.DASH_R
           $3707 = PLAYER_STATES.WALL_L
           $370c = PLAYER_STATES.WALL_R
           $3711 = PLAYER_STATES.REBOUND_ONE
           $3716 = PLAYER_STATES.REBOUND_TWO
           $371b = SAW_STATES
           $371b = BEE_STATES
           $371b = SPEAR_STATES
           $371b = PLAYER_CD.DASH
           $371b = BEE_STATES.DEAD
           $371b = PLAYER_CD
           $371b = SPEAR_STATES.MOVE
           $371b = BEE_STATES.STATIC
           $371b = SAW_STATES.MOVE
           $371c = PLAYER_CD.RBND
  SECTION: $371d-$381f ($0103 bytes) ["AnimationmanFun"]
           $371d = ANIMATIONMAN_INIT
           $3727 = ANIMATIONMAN_UPDATE.UPDATE_LOOP
           $3727 = ANIMATIONMAN_UPDATE
           $372b = ANIMATIONMAN_UPDATE.FLIP_LEFT
           $3774 = ANIMATIONMAN_UPDATE.END_FLIP_LEFT
           $3791 = ANIMATIONMAN_UPDATE.PURE_STATIC
           $3795 = ANIMATIONMAN_UPDATE.NO_STATIC
           $37b0 = ANIMATIONMAN_UPDATE.END_SPRITE_UPDATE
           $37bd = ANIMATIONMAN_UPDATE.FLIP_RIGHT
           $3806 = ANIMATIONMAN_UPDATE.END_FLIP
           $3806 = ANIMATIONMAN_UPDATE.END_ITERATION
           $380d = UPDATE_CT
           $381a = UPDATE_CT.RESTART
  SECTION: $3820-$38eb ($00cc bytes) ["EventmanFun"]
           $3820 = EVENTMAN_INIT
           $3828 = EVENTMAN_UPDATE
           $383c = EVENTMAN_UPDATE.HIDE_WINDOW
           $3840 = muestra_ventana
           $3875 = muestra_ventana.anim_most_vent
           $38a0 = muestra_ventana.espera_salir
           $38a1 = muestra_ventana.anim_ocul_vent
           $38c0 = ImprimeNumero
           $38c9 = ImprimeNumero.avz_y
           $38d0 = ImprimeNumero.fin_y
           $38d5 = ImprimeNumero.avz_x
           $38d9 = ImprimeNumero.fin_x
           $38e3 = RETARDO
           $38e6 = RETARDO.delay
  SECTION: $38ec-$39b7 ($00cc bytes) ["LevelmanFun"]
           $38ec = LEVELMAN_INIT
           $3902 = LEVELMAN_UPDATE
           $3964 = LEVELMAN_RENDER
           $3971 = LEVELMAN_LOAD_MAP
           $397d = LEVELMAN_LOAD_META
           $3994 = LEVELMAN_LOAD_META.CREATE_ENTITIES_LOOP
           $39a3 = LEVELMAN_LOAD_META.SAVE_AND_END
           $39b0 = LEVELMAN_TERMINATE
           $39b4 = LEVELMAN_GET_CAM
  SECTION: $39b8-$3a80 ($00c9 bytes) ["RendersysFun"]
           $39b8 = RENDERSYS_INIT
           $3a0b = RENDERSYS_UPDATE
           $3a10 = RENDERSYS_UPDATE_CAMERA
           $3a17 = RENDERSYS_LOAD_TILEMAP
           $3a24 = RENDERSYS_LOAD_WINDOW
           $3a31 = RENDERSYS_LCD_OFF
           $3a3f = RENDERSYS_LCD_ON
           $3a4a = RENDERSYS_GET_BGDISPLAY
           $3a51 = COPY_DMA_ROUTINE
           $3a58 = COPY_DMA_ROUTINE.COPY
           $3a5f = DMA_ROUTINE
           $3a63 = DMA_ROUTINE.WAIT
           $3a67 = LOAD_PALETTE
           $3a67 = DMA_ROUTINE.END
           $3a72 = CLEAN_OAM
           $3a78 = CLEAN_OAM.CLEAN_SPRITES_LOOP
  SECTION: $3a81-$3b48 ($00c8 bytes) ["InputsysFun"]
           $3a81 = INPUTSYS_INIT
           $3a82 = INPUTSYS_UPDATE
           $3a8c = INPUTSYS_UPDATE.LEFT_PRESS
           $3a8e = INPUTSYS_UPDATE.LEFT_NO_PRESS
           $3a93 = INPUTSYS_UPDATE.RIGHT_PRESS
           $3a95 = INPUTSYS_UPDATE.RIGHT_NO_PRESS
           $3a9d = INPUTSYS_UPDATE.UP_PRESS
           $3a9f = INPUTSYS_UPDATE.UP_NO_PRESS
           $3aa4 = INPUTSYS_UPDATE.DOWN_PRESS
           $3aa7 = INPUTSYS_UPDATE.DOWN_NO_PRESS
           $3aae = INPUTSYS_UPDATE.B_PRESS
           $3ab7 = INPUTSYS_UPDATE.DASH_LEFT
           $3ac6 = INPUTSYS_UPDATE.DASH_RIGHT
           $3ad3 = INPUTSYS_UPDATE.B_NO_PRESS
           $3ad8 = INPUTSYS_UPDATE.A_PRESS
           $3aee = INPUTSYS_UPDATE.NO_Y_COL
           $3b04 = INPUTSYS_UPDATE.NO_X_L_COL
           $3b15 = INPUTSYS_UPDATE.A_NO_PRESS
           $3b1b = INPUTSYS_UPDATE.SELECT_NO_PRESS
           $3b1b = INPUTSYS_UPDATE.SELECT_PRESS
           $3b20 = INPUTSYS_UPDATE.START_PRESS
           $3b2c = INPUTSYS_UPDATE.START_NO_PRESS
           $3b2d = READ_PAD_DIR
           $3b3b = READ_PAD_ACT
  SECTION: $3b49-$3b8c ($0044 bytes) ["PhysicssysFun"]
           $3b49 = PHYSICSSYS_INIT
           $3b4a = PHYSICSSYS_UPDATE
           $3b60 = PHYSICSSYS_UPDATE.LAST_FACED_LEFT
           $3b65 = PHYSICSSYS_UPDATE.LAST_FACED_RIGHT
           $3b68 = PHYSICSSYS_UPDATE.LAST_FACED_END
           $3b79 = PHYSICSSYS_UPDATE.UPDATE_LOOP
  SECTION: $3b8d-$3bce ($0042 bytes) ["GamemanFun"]
           $3b8d = GAMEMAN_INIT
           $3ba4 = GAMEMAN_UPDATE
           $3ba8 = GAMEMAN_RENDER
           $3bac = GAMEMAN_LOAD_LEVEL
           $3bcb = GAMEMAN_TERMINATE
    SLACK: $045e bytes

WRAM0 bank #0:
  SECTION: $c000-$c09f ($00a0 bytes) ["EntitymanArrayOAM"]
           $c000 = _ENTITY_OAM_ARRAY
  SECTION: $c0a0-$c0aa ($000b bytes) ["StatemanRAM"]
           $c0a0 = _TYPE
           $c0a1 = _STATE
           $c0a2 = _MOV_Y
           $c0a3 = _MOV_X
           $c0a4 = _TABLE_Y_PTR
           $c0a6 = _TABLE_X_PTR
           $c0a8 = _DASH_CD
           $c0a9 = _RBND_CD
           $c0aa = _RBND_FR
  SECTION: $c0ab-$c0b2 ($0008 bytes) ["LevelmanRAM"]
           $c0ab = _DEATHS
           $c0ad = _CAM_Y
           $c0ae = _CAM_X
           $c0af = _PLY_INIT_Y
           $c0b0 = _PLY_INIT_X
           $c0b1 = _CAM_INIT_Y
           $c0b2 = _CAM_INIT_X
  SECTION: $c0b3-$c0b9 ($0007 bytes) ["GamemanRAM"]
           $c0b3 = _ACTUAL_LVL
           $c0b4 = _DEATHS_TOT
           $c0b6 = _DEATHS_ARR
  SECTION: $c0ba-$c0be ($0005 bytes) ["EntitymanRAM"]
           $c0ba = _NUM_ENTITIES
           $c0bb = _ENT_OAM_PEND
           $c0bd = _ENT_PHY_PEND
  SECTION: $c0bf-$c0c1 ($0003 bytes) ["CollisionsysRAM"]
           $c0bf = _TILE_X
           $c0c0 = _TILE_Y
           $c0c1 = _COL_T
  SECTION: $c0c2-$c0c3 ($0002 bytes) ["RendersysRAM"]
           $c0c2 = _BG_DISPLAY
           $c0c3 = _WN_DISPLAY
  SECTION: $c0c4-$c0c5 ($0002 bytes) ["AnimationmanRAM"]
           $c0c4 = _LF_PREV
           $c0c5 = _SATIC_CT
  SECTION: $c0c6-$c0c7 ($0002 bytes) ["EventmanRAM"]
           $c0c6 = _LVL_END
           $c0c7 = _LVL_LOADED
  SECTION: $c100-$c177 ($0078 bytes) ["EntitymanArrayPHY"]
           $c100 = _ENTITY_PHY_ARRAY
  SECTION: $c200-$c5ff ($0400 bytes) ["CollisionsysMAP"]
           $c200 = _DYN_COLLMAP
    SLACK: $0ac0 bytes

HRAM bank #0:
  SECTION: $ff80-$ff87 ($0008 bytes) ["RendersysHRAM"]
           $ff80 = OAM_DMA
    SLACK: $0077 bytes

USED:
    ROM0: $3ba2 bytes in 1 bank
    WRAM0: $0540 bytes in 1 bank
    HRAM: $0008 bytes in 1 bank
